[esp32.vn/index.html]
[backblue.gif]
[fade.gif]
[index.html]
[esp32.vn/_static/css/theme.css]
[esp32.vn/genindex.html]
[esp32.vn/search.html]
[esp32.vn/hardware/index.html]
[esp32.vn/_static/js/modernizr.min.js]
[esp32.vn/hardware/board.html]
[esp32.vn/hardware/connection.html]
[esp32.vn/arduino/index.html]
[esp32.vn/arduino/install.html]
[esp32.vn/arduino/library.html]
[esp32.vn/arduino/blink.html]
[esp32.vn/arduino/i2c_oled.html]
[esp32.vn/idf/index.html]
[esp32.vn/idf/install.html]
[esp32.vn/idf/hello-world.html]
[esp32.vn/idf/blink-idf.html]
[esp32.vn/idf/button.html]
[esp32.vn/idf/adc.html]
[esp32.vn/idf/dac.html]
[esp32.vn/idf/spi_master.html]
[esp32.vn/idf/spi_slave.html]
[esp32.vn/idf/i2s.html]
[esp32.vn/idf/i2c.html]
[esp32.vn/idf/gpio.html]
[esp32.vn/idf/RMT.html]
[esp32.vn/idf/touch_pad.html]
[esp32.vn/idf/wifi.html]
[esp32.vn/idf/sdcard.html]
[esp32.vn/contributing.html]
[esp32.vn/_sources/index.rst.txt]
[esp32.vn/_images/Esp32-boad__1_.png]
[esp32.vn/_images/sch.png]
[esp32.vn/_static/jquery.js]
[esp32.vn/_static/underscore.js]
[esp32.vn/_static/doctools.js]
[esp32.vn/_static/translations.js]
[cdnjs.cloudflare.com/ajax/libs/mathjax/2.7.1/MathJaxdda6.js]
[esp32.vn/index.html]
[esp32.vn/_static/js/theme.js]
[esp32.vn/_static/fonts/fontawesome-webfont3e6e.eot]
[esp32.vn/_static/fonts/fontawesome-webfontd41d.eot]
[esp32.vn/_static/fonts/fontawesome-webfont3e6e.woff2]
[esp32.vn/_static/fonts/fontawesome-webfont3e6e.woff]
[esp32.vn/_static/fonts/fontawesome-webfont3e6e.ttf]
[esp32.vn/_static/fonts/fontawesome-webfont3e6e.svg]
[esp32.vn/_static/fonts/Inconsolata-Regular.ttf]
[esp32.vn/_static/fonts/Inconsolata-Bold.ttf]
[esp32.vn/_static/fonts/Lato-Regular.ttf]
[esp32.vn/_static/fonts/Lato-Italic.ttf]
[esp32.vn/_static/fonts/Lato-Bold.ttf]
[esp32.vn/_static/fonts/Lato-BoldItalic.ttf]
[esp32.vn/_static/fonts/RobotoSlab-Regular.ttf]
[esp32.vn/_static/css/theme.css]
[esp32.vn/_static/fonts/RobotoSlab-Bold.ttf]
[esp32.vn/genindex.html]
[esp32.vn/index-2.html]
[esp32.vn/_static/searchtools.js]
[esp32.vn/search.html]
[esp32.vn/searchindex.js]
[esp32.vn/hardware/index.html]
[esp32.vn/_sources/hardware/index.rst.txt]
[esp32.vn/_sources/hardware/board.rst.txt]
[esp32.vn/hardware/board.html]
[esp32.vn/_sources/hardware/connection.rst.txt]
[esp32.vn/_static/connection-board.jpg]
[esp32.vn/_images/connection-board.jpg]
[esp32.vn/_static/setup-board.png]
[esp32.vn/_images/setup-board.png]
[esp32.vn/hardware/connection.html]
[esp32.vn/arduino/index.html]
[esp32.vn/_sources/arduino/index.rst.txt]
[esp32.vn/_sources/arduino/install.rst.txt]
[esp32.vn/arduino/_static/win-gui-get-exe.png]
[esp32.vn/_images/win-gui-get-exe.png]
[esp32.vn/arduino/_static/win-gui-get-exe2.png]
[esp32.vn/_images/win-gui-get-exe2.png]
[esp32.vn/arduino/install.html]
[esp32.vn/_sources/arduino/library.rst.txt]
[esp32.vn/arduino/library.html]
[esp32.vn/arduino/blink.html]
[esp32.vn/_sources/arduino/blink.rst.txt]
[esp32.vn/_sources/arduino/i2c_oled.rst.txt]
[esp32.vn/_images/oled-technology-seminar-ppt-8-638.jpg]
[esp32.vn/_images/oled-096-iotmakervn.png]
[esp32.vn/arduino/i2c_oled.html]
[esp32.vn/idf/index.html]
[esp32.vn/_sources/idf/index.rst.txt]
[esp32.vn/idf/install.html]
[esp32.vn/_sources/idf/install.rst.txt]
[esp32.vn/idf/hello-world.html]
[esp32.vn/_sources/idf/hello-world.rst.txt]
[esp32.vn/idf/blink-idf.html]
[esp32.vn/_sources/idf/blink-idf.rst.txt]
[esp32.vn/idf/button.html]
[esp32.vn/_sources/idf/button.rst.txt]
[esp32.vn/idf/adc.html]
[esp32.vn/_sources/idf/adc.rst.txt]
[esp32.vn/idf/dac.html]
[esp32.vn/_sources/idf/dac.rst.txt]
[esp32.vn/idf/spi_master.html]
[esp32.vn/_sources/idf/spi_master.rst.txt]
[esp32.vn/idf/spi_slave.html]
[esp32.vn/_sources/idf/spi_slave.rst.txt]
[esp32.vn/idf/i2s.html]
[esp32.vn/_sources/idf/i2s.rst.txt]
[esp32.vn/idf/i2c.html]
[esp32.vn/_sources/idf/i2c.rst.txt]
[esp32.vn/idf/gpio.html]
[esp32.vn/_sources/idf/gpio.rst.txt]
[esp32.vn/idf/RMT.html]
[esp32.vn/_sources/idf/RMT.rst.txt]
[esp32.vn/idf/touch_pad.html]
[esp32.vn/_sources/idf/touch_pad.rst.txt]
[esp32.vn/_sources/idf/wifi.rst.txt]
[esp32.vn/_static/Wifi_connected.png]
[esp32.vn/_images/Wifi_connected.png]
[esp32.vn/idf/wifi.html]
[esp32.vn/_sources/idf/sdcard.rst.txt]
[esp32.vn/_static/sdcard.jpg]
[esp32.vn/_images/sdcard.jpg]
[esp32.vn/idf/sdcard.html]
[esp32.vn/contributing.html]
[esp32.vn/_static/fonts/fontawesome-webfont3e6e.svg]
[esp32.vn/_static/fonts/Lato-Italic.html]
[esp32.vn/_static/fonts/Lato-BoldItalic.html]
[esp32.vn/index-2.html]
[esp32.vn/arduino/_static/win-gui-get-exe.html]
[esp32.vn/arduino/_static/win-gui-get-exe2.html]
[esp32.vn/_sources/contributing.rst.txt]
