[docs.espressif.com/projects/esp-idf/en/latest/index.html]
[backblue.gif]
[fade.gif]
[index.html]
[docs.espressif.com/projects/esp-idf/en/latest/_static/js/modernizr.min.js]
[docs.espressif.com/projects/esp-idf/en/latest/_static/documentation_options.js]
[docs.espressif.com/projects/esp-idf/en/latest/_static/jquery.js]
[docs.espressif.com/projects/esp-idf/en/latest/_static/underscore.js]
[docs.espressif.com/projects/esp-idf/en/latest/_static/doctools.js]
[docs.espressif.com/projects/esp-idf/en/latest/_static/language_data.js]
[media.readthedocs.com/javascript/readthedocs-doc-embed.js]
[docs.espressif.com/projects/esp-idf/en/latest/_static/js/theme.js]
[docs.espressif.com/projects/esp-idf/en/latest/about.html]
[docs.espressif.com/projects/esp-idf/en/latest/search.html]
[docs.espressif.com/projects/esp-idf/en/latest/genindex.html]
[docs.espressif.com/projects/esp-idf/en/latest/get-started/index.html]
[media.readthedocs.com/css/readthedocs-doc-embed.css]
[docs.espressif.com/projects/esp-idf/en/latest/_static/readthedocs-data.js]
[media.readthedocs.com/javascript/readthedocs-analytics.js]
[docs.espressif.com/projects/esp-idf/en/latest/api-reference/index.html]
[docs.espressif.com/projects/esp-idf/en/latest/hw-reference/index.html]
[docs.espressif.com/projects/esp-idf/en/latest/esp32s2.html]
[docs.espressif.com/projects/esp-idf/en/latest/api-guides/index.html]
[docs.espressif.com/projects/esp-idf/en/latest/libraries-and-frameworks/index.html]
[docs.espressif.com/projects/esp-idf/en/latest/contribute/index.html]
[docs.espressif.com/projects/esp-idf/en/latest/versions.html]
[docs.espressif.com/projects/esp-idf/en/latest/resources.html]
[docs.espressif.com/projects/esp-idf/en/latest/COPYRIGHT.html]
[docs.espressif.com/projects/esp-idf/en/latest/languages.html]
[docs.espressif.com/projects/esp-idf/en/latest/_images/get-started.png]
[docs.espressif.com/projects/esp-idf/en/latest/_images/api-reference.png]
[docs.espressif.com/projects/esp-idf/en/latest/_images/hw-reference.png]
[docs.espressif.com/projects/esp-idf/en/latest/_images/api-guides.png]
[docs.espressif.com/projects/esp-idf/en/latest/_images/contribute.png]
[docs.espressif.com/projects/esp-idf/en/latest/_images/resources.png]
[docs.espressif.com/projects/esp-idf/en/latest/index.html]
[docs.espressif.com/projects/esp-idf/en/latest/_static/fonts/fontawesome-webfont3e6e.eot]
[docs.espressif.com/projects/esp-idf/en/latest/_static/fonts/fontawesome-webfontd41d.eot]
[docs.espressif.com/projects/esp-idf/en/latest/_static/fonts/fontawesome-webfont3e6e.woff2]
[docs.espressif.com/projects/esp-idf/en/latest/_static/fonts/fontawesome-webfont3e6e.woff]
[docs.espressif.com/projects/esp-idf/en/latest/_static/fonts/fontawesome-webfont3e6e.ttf]
[docs.espressif.com/projects/esp-idf/en/latest/_static/fonts/Lato/lato-regular.eot]
[docs.espressif.com/projects/esp-idf/en/latest/_static/fonts/Lato/lato-regulard41d.eot]
[docs.espressif.com/projects/esp-idf/en/latest/_static/fonts/Lato/lato-regular.woff2]
[docs.espressif.com/projects/esp-idf/en/latest/_static/fonts/Lato/lato-regular.woff]
[docs.espressif.com/projects/esp-idf/en/latest/_static/fonts/Lato/lato-regular.ttf]
[docs.espressif.com/projects/esp-idf/en/latest/_static/fonts/Lato/lato-bold.eot]
[docs.espressif.com/projects/esp-idf/en/latest/_static/fonts/Lato/lato-boldd41d.eot]
[docs.espressif.com/projects/esp-idf/en/latest/_static/fonts/Lato/lato-bold.woff2]
[docs.espressif.com/projects/esp-idf/en/latest/_static/fonts/Lato/lato-bold.woff]
[docs.espressif.com/projects/esp-idf/en/latest/_static/fonts/Lato/lato-bold.ttf]
[docs.espressif.com/projects/esp-idf/en/latest/_static/fonts/Lato/lato-bolditalic.eot]
[docs.espressif.com/projects/esp-idf/en/latest/_static/fonts/Lato/lato-bolditalicd41d.eot]
[docs.espressif.com/projects/esp-idf/en/latest/_static/fonts/Lato/lato-bolditalic.woff2]
[docs.espressif.com/projects/esp-idf/en/latest/_static/fonts/Lato/lato-bolditalic.woff]
[docs.espressif.com/projects/esp-idf/en/latest/_static/fonts/Lato/lato-bolditalic.ttf]
[docs.espressif.com/projects/esp-idf/en/latest/_static/fonts/Lato/lato-italic.eot]
[docs.espressif.com/projects/esp-idf/en/latest/_static/fonts/Lato/lato-italicd41d.eot]
[docs.espressif.com/projects/esp-idf/en/latest/_static/fonts/Lato/lato-italic.woff2]
[docs.espressif.com/projects/esp-idf/en/latest/_static/fonts/Lato/lato-italic.woff]
[docs.espressif.com/projects/esp-idf/en/latest/_static/fonts/Lato/lato-italic.ttf]
[docs.espressif.com/projects/esp-idf/en/latest/_static/fonts/RobotoSlab/roboto-slab.eot]
[docs.espressif.com/projects/esp-idf/en/latest/_static/fonts/RobotoSlab/roboto-slab-v7-regulard41d.eot]
[docs.espressif.com/projects/esp-idf/en/latest/_static/fonts/RobotoSlab/roboto-slab-v7-regular.woff2]
[docs.espressif.com/projects/esp-idf/en/latest/_static/fonts/RobotoSlab/roboto-slab-v7-regular.woff]
[docs.espressif.com/projects/esp-idf/en/latest/_static/fonts/RobotoSlab/roboto-slab-v7-regular.ttf]
[docs.espressif.com/projects/esp-idf/en/latest/_static/fonts/RobotoSlab/roboto-slab-v7-bold.eot]
[docs.espressif.com/projects/esp-idf/en/latest/_static/fonts/RobotoSlab/roboto-slab-v7-boldd41d.eot]
[docs.espressif.com/projects/esp-idf/en/latest/_static/fonts/RobotoSlab/roboto-slab-v7-bold.woff2]
[docs.espressif.com/projects/esp-idf/en/latest/_static/fonts/RobotoSlab/roboto-slab-v7-bold.woff]
[docs.espressif.com/projects/esp-idf/en/latest/_static/fonts/RobotoSlab/roboto-slab-v7-bold.ttf]
[docs.espressif.com/projects/esp-idf/en/latest/_static/css/theme.css]
[docs.espressif.com/projects/esp-idf/en/latest/_static/pygments.css]
[docs.espressif.com/projects/esp-idf/en/latest/_static/theme_overrides.css]
[docs.espressif.com/projects/esp-idf/en/latest/index-2.html]
[docs.espressif.com/projects/esp-idf/en/latest/_images/about-doc.png]
[docs.espressif.com/projects/esp-idf/en/latest/about.html]
[docs.espressif.com/projects/esp-idf/en/latest/api-reference/bluetooth/controller_vhci.html]
[docs.espressif.com/projects/esp-idf/en/latest/api-reference/peripherals/adc.html]
[docs.espressif.com/projects/esp-idf/en/latest/api-reference/bluetooth/esp-ble-mesh.html]
[docs.espressif.com/projects/esp-idf/en/latest/api-reference/bluetooth/esp_gap_ble.html]
[docs.espressif.com/projects/esp-idf/en/latest/api-reference/bluetooth/esp_bt_defs.html]
[docs.espressif.com/projects/esp-idf/en/latest/api-reference/bluetooth/nimble/index.html]
[docs.espressif.com/projects/esp-idf/en/latest/api-reference/provisioning/protocomm.html]
[docs.espressif.com/projects/esp-idf/en/latest/api-reference/bluetooth/esp_hf_defs.html]
[docs.espressif.com/projects/esp-idf/en/latest/api-reference/peripherals/can.html]
[docs.espressif.com/projects/esp-idf/en/latest/api-reference/system/system.html]
[docs.espressif.com/projects/esp-idf/en/latest/api-reference/system/efuse.html]
[docs.espressif.com/projects/esp-idf/en/latest/api-reference/storage/spi_flash.html]
[docs.espressif.com/projects/esp-idf/en/latest/api-reference/network/esp_wifi.html]
[docs.espressif.com/projects/esp-idf/en/latest/api-reference/system/heap_debug.html]
[docs.espressif.com/projects/esp-idf/en/latest/api-reference/system/log.html]
[docs.espressif.com/projects/esp-idf/en/latest/api-reference/system/system_time.html]
[docs.espressif.com/projects/esp-idf/en/latest/api-reference/storage/vfs.html]
[docs.espressif.com/projects/esp-idf/en/latest/api-reference/system/himem.html]
[docs.espressif.com/projects/esp-idf/en/latest/api-reference/peripherals/dac.html]
[docs.espressif.com/projects/esp-idf/en/latest/api-reference/protocols/esp_http_client.html]
[docs.espressif.com/projects/esp-idf/en/latest/api-reference/system/freertos.html]
[docs.espressif.com/projects/esp-idf/en/latest/api-reference/bluetooth/esp_a2dp.html]
[docs.espressif.com/projects/esp-idf/en/latest/api-reference/system/app_image_format.html]
[docs.espressif.com/projects/esp-idf/en/latest/api-reference/system/app_trace.html]
[docs.espressif.com/projects/esp-idf/en/latest/api-reference/bluetooth/esp_gatt_defs.html]
[docs.espressif.com/projects/esp-idf/en/latest/api-reference/bluetooth/esp_avrc.html]
[docs.espressif.com/projects/esp-idf/en/latest/api-reference/bluetooth/esp_gattc.html]
[docs.espressif.com/projects/esp-idf/en/latest/api-reference/bluetooth/esp_gatts.html]
[docs.espressif.com/projects/esp-idf/en/latest/api-reference/bluetooth/esp_bt_main.html]
[docs.espressif.com/projects/esp-idf/en/latest/api-reference/bluetooth/esp_blufi.html]
[docs.espressif.com/projects/esp-idf/en/latest/api-reference/bluetooth/esp_gap_bt.html]
[docs.espressif.com/projects/esp-idf/en/latest/api-reference/bluetooth/esp_bt_device.html]
[docs.espressif.com/projects/esp-idf/en/latest/api-reference/bluetooth/esp_hf_ag.html]
[docs.espressif.com/projects/esp-idf/en/latest/api-reference/bluetooth/esp_hf_client.html]
[docs.espressif.com/projects/esp-idf/en/latest/api-reference/system/sleep_modes.html]
[docs.espressif.com/projects/esp-idf/en/latest/api-reference/system/freertos_additions.html]
[docs.espressif.com/projects/esp-idf/en/latest/api-reference/protocols/esp_tls.html]
[docs.espressif.com/projects/esp-idf/en/latest/api-reference/network/esp_now.html]
[docs.espressif.com/projects/esp-idf/en/latest/api-reference/system/esp_err.html]
[docs.espressif.com/projects/esp-idf/en/latest/api-reference/protocols/esp_http_server.html]
[docs.espressif.com/projects/esp-idf/en/latest/api-reference/system/esp_https_ota.html]
[docs.espressif.com/projects/esp-idf/en/latest/api-reference/network/esp_mesh.html]
[docs.espressif.com/projects/esp-idf/en/latest/api-reference/protocols/esp_serial_slave_link.html]
[docs.espressif.com/projects/esp-idf/en/latest/api-reference/storage/nvs_flash.html]
[docs.espressif.com/projects/esp-idf/en/latest/api-reference/system/ota.html]
[docs.espressif.com/projects/esp-idf/en/latest/api-guides/ulp_macros.html]
[docs.espressif.com/projects/esp-idf/en/latest/api-reference/network/esp_smartconfig.html]
[docs.espressif.com/projects/esp-idf/en/latest/api-reference/network/esp_eth.html]
[docs.espressif.com/projects/esp-idf/en/latest/api-reference/system/esp_event.html]
[docs.espressif.com/projects/esp-idf/en/latest/api-reference/system/esp_event_legacy.html]
[docs.espressif.com/projects/esp-idf/en/latest/api-reference/system/esp_expression_with_stack.html]
[docs.espressif.com/projects/esp-idf/en/latest/api-reference/system/wdts.html]
[docs.espressif.com/projects/esp-idf/en/latest/api-reference/system/intr_alloc.html]
[docs.espressif.com/projects/esp-idf/en/latest/api-reference/network/esp_netif.html]
[docs.espressif.com/projects/esp-idf/en/latest/api-reference/system/ipc.html]
[docs.espressif.com/projects/esp-idf/en/latest/api-reference/protocols/esp_local_ctrl.html]
[docs.espressif.com/projects/esp-idf/en/latest/api-reference/protocols/mqtt.html]
[docs.espressif.com/projects/esp-idf/en/latest/api-reference/network/esp_netif_driver.html]
[docs.espressif.com/projects/esp-idf/en/latest/api-reference/protocols/icmp_echo.html]
[docs.espressif.com/projects/esp-idf/en/latest/api-reference/system/power_management.html]
[docs.espressif.com/projects/esp-idf/en/latest/api-reference/system/esp_pthread.html]
[docs.espressif.com/projects/esp-idf/en/latest/api-reference/storage/spiffs.html]
[docs.espressif.com/projects/esp-idf/en/latest/api-reference/bluetooth/esp_spp.html]
[docs.espressif.com/projects/esp-idf/en/latest/api-reference/system/esp_timer.html]
[docs.espressif.com/projects/esp-idf/en/latest/api-reference/storage/fatfs.html]
[docs.espressif.com/projects/esp-idf/en/latest/api-reference/storage/wear-levelling.html]
[docs.espressif.com/projects/esp-idf/en/latest/api-reference/protocols/esp_websocket_client.html]
[docs.espressif.com/projects/esp-idf/en/latest/api-reference/peripherals/gpio.html]
[docs.espressif.com/projects/esp-idf/en/latest/api-reference/system/mem_alloc.html]
[docs.espressif.com/projects/esp-idf/en/latest/api-reference/protocols/esp_https_server.html]
[docs.espressif.com/projects/esp-idf/en/latest/api-reference/peripherals/i2c.html]
[docs.espressif.com/projects/esp-idf/en/latest/api-reference/peripherals/i2s.html]
[docs.espressif.com/projects/esp-idf/en/latest/api-reference/peripherals/ledc.html]
[docs.espressif.com/projects/esp-idf/en/latest/api-reference/protocols/modbus.html]
[docs.espressif.com/projects/esp-idf/en/latest/api-reference/peripherals/mcpwm.html]
[docs.espressif.com/projects/esp-idf/en/latest/api-reference/protocols/mdns.html]
[docs.espressif.com/projects/esp-idf/en/latest/api-reference/peripherals/pcnt.html]
[docs.espressif.com/projects/esp-idf/en/latest/api-reference/peripherals/rmt.html]
[docs.espressif.com/projects/esp-idf/en/latest/api-reference/peripherals/sdio_slave.html]
[docs.espressif.com/projects/esp-idf/en/latest/api-reference/storage/sdmmc.html]
[docs.espressif.com/projects/esp-idf/en/latest/api-reference/peripherals/sdmmc_host.html]
[docs.espressif.com/projects/esp-idf/en/latest/api-reference/peripherals/sdspi_host.html]
[docs.espressif.com/projects/esp-idf/en/latest/api-reference/peripherals/sigmadelta.html]
[docs.espressif.com/projects/esp-idf/en/latest/api-reference/peripherals/spi_slave.html]
[docs.espressif.com/projects/esp-idf/en/latest/api-reference/peripherals/spi_master.html]
[docs.espressif.com/projects/esp-idf/en/latest/api-reference/peripherals/temp_sensor.html]
[docs.espressif.com/projects/esp-idf/en/latest/api-reference/peripherals/timer.html]
[docs.espressif.com/projects/esp-idf/en/latest/api-reference/peripherals/touch_pad.html]
[docs.espressif.com/projects/esp-idf/en/latest/api-reference/peripherals/uart.html]
[docs.espressif.com/projects/esp-idf/en/latest/api-guides/ulp-legacy.html]
[docs.espressif.com/projects/esp-idf/en/latest/api-guides/ulp.html]
[docs.espressif.com/projects/esp-idf/en/latest/api-reference/provisioning/wifi_provisioning.html]
[docs.espressif.com/projects/esp-idf/en/latest/genindex.html]
[docs.espressif.com/projects/esp-idf/en/latest/api-reference/system/perfmon.html]
[docs.espressif.com/projects/esp-idf/en/latest/_static/searchtools.js]
[docs.espressif.com/projects/esp-idf/en/latest/searchindex.js]
[docs.espressif.com/projects/esp-idf/en/latest/search.html]
[docs.espressif.com/projects/esp-idf/en/latest/hw-reference/get-started-devkitc.html]
[docs.espressif.com/projects/esp-idf/en/latest/hw-reference/get-started-wrover-kit.html]
[docs.espressif.com/projects/esp-idf/en/latest/get-started/index-2.html]
[docs.espressif.com/projects/esp-idf/en/latest/hw-reference/get-started-pico-kit.html]
[docs.espressif.com/projects/esp-idf/en/latest/hw-reference/get-started-ethernet-kit.html]
[docs.espressif.com/projects/esp-idf/en/latest/get-started/windows-setup.html]
[docs.espressif.com/projects/esp-idf/en/latest/get-started/linux-setup.html]
[docs.espressif.com/projects/esp-idf/en/latest/get-started/macos-setup.html]
[docs.espressif.com/projects/esp-idf/en/latest/get-started/establish-serial-connection.html]
[docs.espressif.com/projects/esp-idf/en/latest/get-started/eclipse-setup.html]
[docs.espressif.com/projects/esp-idf/en/latest/api-guides/tools/idf-monitor.html]
[docs.espressif.com/projects/esp-idf/en/latest/get-started/toolchain-setup-scratch.html]
[docs.espressif.com/projects/esp-idf/en/latest/get-started-legacy/index.html]
[docs.espressif.com/projects/esp-idf/en/latest/_images/what-you-need1.png]
[docs.espressif.com/projects/esp-idf/en/latest/_images/windows-logo1.png]
[docs.espressif.com/projects/esp-idf/en/latest/_images/linux-logo1.png]
[docs.espressif.com/projects/esp-idf/en/latest/_images/macos-logo1.png]
[docs.espressif.com/projects/esp-idf/en/latest/get-started/windows-setup-scratch.html]
[docs.espressif.com/projects/esp-idf/en/latest/_images/project-configuration1.png]
[docs.espressif.com/projects/esp-idf/en/latest/api-reference/kconfig.html]
[docs.espressif.com/projects/esp-idf/en/latest/_images/get-started-garbled-output1.png]
[docs.espressif.com/projects/esp-idf/en/latest/get-started/index.html]
[media.readthedocs.com/css/readthedocs-doc-embed.css]
[docs.espressif.com/projects/esp-idf/en/latest/api-guides/build-system.html]
[docs.espressif.com/projects/esp-idf/en/latest/_static/F2A76EEE96E44F61.bd.delayed]
[docs.espressif.com/projects/esp-idf/en/latest/_static/F2A76EEE96E44F63.png]
[docs.espressif.com/projects/esp-idf/en/latest/_static/espressif-logo.svg]
[docs.espressif.com/projects/esp-idf/en/latest/api-reference/bluetooth/index.html]
[docs.espressif.com/projects/esp-idf/en/latest/get-started-legacy/toolchain-setup-scratch.html]
[docs.espressif.com/projects/esp-idf/en/latest/api-reference/network/index.html]
[docs.espressif.com/projects/esp-idf/en/latest/api-reference/index-2.html]
[docs.espressif.com/projects/esp-idf/en/latest/api-reference/peripherals/index.html]
[docs.espressif.com/projects/esp-idf/en/latest/api-reference/protocols/index.html]
[docs.espressif.com/projects/esp-idf/en/latest/api-reference/provisioning/index.html]
[docs.espressif.com/projects/esp-idf/en/latest/api-reference/storage/index.html]
[docs.espressif.com/projects/esp-idf/en/latest/api-reference/system/index.html]
[docs.espressif.com/projects/esp-idf/en/latest/api-reference/error-codes.html]
[docs.espressif.com/projects/esp-idf/en/latest/api-reference/bluetooth/bt_common.html]
[docs.espressif.com/projects/esp-idf/en/latest/api-reference/bluetooth/bt_le.html]
[docs.espressif.com/projects/esp-idf/en/latest/api-reference/bluetooth/classic_bt.html]
[docs.espressif.com/projects/esp-idf/en/latest/api-reference/peripherals/sd_pullup_requirements.html]
[docs.espressif.com/projects/esp-idf/en/latest/api-reference/protocols/asio.html]
[docs.espressif.com/projects/esp-idf/en/latest/api-reference/provisioning/provisioning.html]
[docs.espressif.com/projects/esp-idf/en/latest/api-reference/storage/mass_mfg.html]
[docs.espressif.com/projects/esp-idf/en/latest/api-reference/index.html]
[docs.espressif.com/projects/esp-idf/en/latest/api-reference/storage/nvs_partition_gen.html]
[docs.espressif.com/projects/esp-idf/en/latest/hw-reference/modules-and-boards.html]
[docs.espressif.com/projects/esp-idf/en/latest/hw-reference/index.html]
[docs.espressif.com/projects/esp-idf/en/latest/esp32s2.html]
[docs.espressif.com/projects/esp-idf/en/latest/hw-reference/modules-and-boards-previous.html]
[docs.espressif.com/projects/esp-idf/en/latest/hw-reference/index-2.html]
[docs.espressif.com/projects/esp-idf/en/latest/api-guides/app_trace.html]
[docs.espressif.com/projects/esp-idf/en/latest/api-guides/blufi.html]
[docs.espressif.com/projects/esp-idf/en/latest/api-guides/index-2.html]
[docs.espressif.com/projects/esp-idf/en/latest/api-guides/bootloader.html]
[docs.espressif.com/projects/esp-idf/en/latest/api-guides/build-system-legacy.html]
[docs.espressif.com/projects/esp-idf/en/latest/api-guides/console.html]
[docs.espressif.com/projects/esp-idf/en/latest/api-guides/deep-sleep-stub.html]
[docs.espressif.com/projects/esp-idf/en/latest/api-guides/error-handling.html]
[docs.espressif.com/projects/esp-idf/en/latest/api-guides/esp-ble-mesh/ble-mesh-index.html]
[docs.espressif.com/projects/esp-idf/en/latest/api-guides/mesh.html]
[docs.espressif.com/projects/esp-idf/en/latest/api-guides/core_dump.html]
[docs.espressif.com/projects/esp-idf/en/latest/api-guides/event-handling.html]
[docs.espressif.com/projects/esp-idf/en/latest/api-guides/external-ram.html]
[docs.espressif.com/projects/esp-idf/en/latest/api-guides/fatal-errors.html]
[docs.espressif.com/projects/esp-idf/en/latest/security/flash-encryption.html]
[docs.espressif.com/projects/esp-idf/en/latest/api-guides/freertos-smp.html]
[docs.espressif.com/projects/esp-idf/en/latest/api-guides/general-notes.html]
[docs.espressif.com/projects/esp-idf/en/latest/api-guides/hlinterrupts.html]
[docs.espressif.com/projects/esp-idf/en/latest/api-guides/jtag-debugging/index.html]
[docs.espressif.com/projects/esp-idf/en/latest/api-guides/linker-script-generation.html]
[docs.espressif.com/projects/esp-idf/en/latest/api-guides/lwip.html]
[docs.espressif.com/projects/esp-idf/en/latest/api-guides/partition-tables.html]
[docs.espressif.com/projects/esp-idf/en/latest/api-guides/RF_calibration.html]
[docs.espressif.com/projects/esp-idf/en/latest/api-guides/romconsole.html]
[docs.espressif.com/projects/esp-idf/en/latest/security/secure-boot.html]
[docs.espressif.com/projects/esp-idf/en/latest/api-guides/thread-local-storage.html]
[docs.espressif.com/projects/esp-idf/en/latest/api-guides/tools/index.html]
[docs.espressif.com/projects/esp-idf/en/latest/api-guides/unit-tests-legacy.html]
[docs.espressif.com/projects/esp-idf/en/latest/api-guides/unit-tests.html]
[docs.espressif.com/projects/esp-idf/en/latest/api-guides/index.html]
[docs.espressif.com/projects/esp-idf/en/latest/api-guides/wifi.html]
[docs.espressif.com/projects/esp-idf/en/latest/libraries-and-frameworks/cloud-frameworks.html]
[docs.espressif.com/projects/esp-idf/en/latest/libraries-and-frameworks/index.html]
[docs.espressif.com/projects/esp-idf/en/latest/api-guides/wireshark-user-guide.html]
[docs.espressif.com/projects/esp-idf/en/latest/libraries-and-frameworks/index-2.html]
[docs.espressif.com/projects/esp-idf/en/latest/contribute/style-guide.html]
[docs.espressif.com/projects/esp-idf/en/latest/contribute/index-2.html]
[docs.espressif.com/projects/esp-idf/en/latest/contribute/documenting-code.html]
[docs.espressif.com/projects/esp-idf/en/latest/contribute/add-ons-reference.html]
[docs.espressif.com/projects/esp-idf/en/latest/contribute/creating-examples.html]
[docs.espressif.com/projects/esp-idf/en/latest/api-reference/template.html]
[docs.espressif.com/projects/esp-idf/en/latest/contribute/index.html]
[docs.espressif.com/projects/esp-idf/en/latest/contribute/contributor-agreement.html]
[docs.espressif.com/projects/esp-idf/en/latest/_images/choose_version.png]
[docs.espressif.com/projects/esp-idf/en/latest/versions.html]
[docs.espressif.com/projects/esp-idf/en/latest/resources.html]
[docs.espressif.com/projects/esp-idf/en/latest/COPYRIGHT.html]
[docs.espressif.com/projects/esp-idf/en/latest/languages.html]
[docs.espressif.com/projects/esp-idf/en/latest/_static/fonts/fontawesome-webfont3e6e.svg]
[docs.espressif.com/projects/esp-idf/en/latest/_static/fonts/RobotoSlab/roboto-slab.html]
[docs.espressif.com/projects/esp-idf/en/latest/index-2.html]
[docs.espressif.com/projects/esp-idf/en/latest/api-reference/bluetooth/controller_vhci.html]
[docs.espressif.com/projects/esp-idf/en/latest/api-reference/bluetooth/esp-ble-mesh.html]
[docs.espressif.com/projects/esp-idf/en/latest/api-guides/esp-ble-mesh/ble-mesh-architecture.html]
[docs.espressif.com/projects/esp-idf/en/latest/_images/adc-noise-graph.jpg]
[docs.espressif.com/projects/esp-idf/en/latest/_images/adc-vref-graph.jpg]
[docs.espressif.com/projects/esp-idf/en/latest/_images/chip_surface_marking.png]
[docs.espressif.com/projects/esp-idf/en/latest/api-reference/peripherals/adc.html]
[docs.espressif.com/projects/esp-idf/en/latest/api-reference/bluetooth/esp_gap_ble.html]
[docs.espressif.com/projects/esp-idf/en/latest/api-reference/bluetooth/esp_bt_defs.html]
[docs.espressif.com/projects/esp-idf/en/latest/_images/esp32_nimble_stack.png]
[docs.espressif.com/projects/esp-idf/en/latest/api-reference/bluetooth/nimble/index.html]
[docs.espressif.com/projects/esp-idf/en/latest/api-reference/provisioning/protocomm.html]
[docs.espressif.com/projects/esp-idf/en/latest/api-reference/bluetooth/esp_hf_defs.html]
[docs.espressif.com/projects/esp-idf/en/latest/_images/blockdiag-053fad20a7ef694a42329cbbcaf0d2fe799053d1.png]
[docs.espressif.com/projects/esp-idf/en/latest/api-reference/bluetooth/nimble/index-2.html]
[docs.espressif.com/projects/esp-idf/en/latest/_images/packetdiag-264d6ce62e3b5940d8fe4e56087c1c4dc5c2ec36.png]
[docs.espressif.com/projects/esp-idf/en/latest/_images/packetdiag-117e79378d15c5fb2cf97e29f2c59fbcd88760dc.png]
[docs.espressif.com/projects/esp-idf/en/latest/_images/packetdiag-3af0649128b63028a2c309525e7dc995fc7e9698.png]
[docs.espressif.com/projects/esp-idf/en/latest/_images/blockdiag-ba6d016828f4ed968ed275f17e009cf3e11a1e8f.png]
[docs.espressif.com/projects/esp-idf/en/latest/api-reference/peripherals/can.html]
[docs.espressif.com/projects/esp-idf/en/latest/api-reference/system/system.html]
[docs.espressif.com/projects/esp-idf/en/latest/api-reference/system/efuse.html]
[docs.espressif.com/projects/esp-idf/en/latest/api-reference/storage/spi_flash.html]
[docs.espressif.com/projects/esp-idf/en/latest/api-reference/network/esp_wifi.html]
[docs.espressif.com/projects/esp-idf/en/latest/api-reference/system/heap_debug.html]
[docs.espressif.com/projects/esp-idf/en/latest/api-reference/system/log.html]
[docs.espressif.com/projects/esp-idf/en/latest/api-reference/system/system_time.html]
[docs.espressif.com/projects/esp-idf/en/latest/template.html]
[docs.espressif.com/projects/esp-idf/en/latest/api-reference/storage/vfs.html]
[docs.espressif.com/projects/esp-idf/en/latest/api-reference/system/himem.html]
[docs.espressif.com/projects/esp-idf/en/latest/api-reference/peripherals/dac.html]
[docs.espressif.com/projects/esp-idf/en/latest/api-reference/protocols/esp_http_client.html]
[docs.espressif.com/projects/esp-idf/en/latest/api-reference/system/freertos.html]
[docs.espressif.com/projects/esp-idf/en/latest/api-reference/bluetooth/esp_a2dp.html]
[docs.espressif.com/projects/esp-idf/en/latest/api-reference/system/app_image_format.html]
[docs.espressif.com/projects/esp-idf/en/latest/api-reference/system/app_trace.html]
[docs.espressif.com/projects/esp-idf/en/latest/api-reference/bluetooth/esp_gatt_defs.html]
[docs.espressif.com/projects/esp-idf/en/latest/api-reference/bluetooth/esp_avrc.html]
[docs.espressif.com/projects/esp-idf/en/latest/api-reference/bluetooth/esp_gattc.html]
[docs.espressif.com/projects/esp-idf/en/latest/api-reference/bluetooth/esp_gatts.html]
[docs.espressif.com/projects/esp-idf/en/latest/api-reference/bluetooth/esp_bt_main.html]
[docs.espressif.com/projects/esp-idf/en/latest/api-reference/bluetooth/esp_blufi.html]
[docs.espressif.com/projects/esp-idf/en/latest/api-reference/bluetooth/esp_gap_bt.html]
[docs.espressif.com/projects/esp-idf/en/latest/api-reference/bluetooth/esp_bt_device.html]
[docs.espressif.com/projects/esp-idf/en/latest/api-reference/bluetooth/esp_hf_ag.html]
[docs.espressif.com/projects/esp-idf/en/latest/api-reference/bluetooth/esp_hf_client.html]
[docs.espressif.com/projects/esp-idf/en/latest/api-reference/system/sleep_modes.html]
[docs.espressif.com/projects/esp-idf/en/latest/_images/packetdiag-229d4bda9363cbcb9dba5aced220ddd2e2bbdd07.png]
[docs.espressif.com/projects/esp-idf/en/latest/_images/packetdiag-852d48449be96d5ec360e518d8c42e85100e544b.png]
[docs.espressif.com/projects/esp-idf/en/latest/_images/packetdiag-718453576c52544af92bc947d10cbf4efde8b7ce.png]
[docs.espressif.com/projects/esp-idf/en/latest/_images/packetdiag-b992e69bb6933b7f2782669b1e74a8fa1db22ba1.png]
[docs.espressif.com/projects/esp-idf/en/latest/_images/packetdiag-582bf5b0032f8317f08207d4137c6f1fcf4a0dad.png]
[docs.espressif.com/projects/esp-idf/en/latest/_images/packetdiag-d1eb397643630f9b6c078c534e6205c96504df96.png]
[docs.espressif.com/projects/esp-idf/en/latest/_images/packetdiag-3285ab0b11eb903834a1ef5ac4d4d5d894d97260.png]
[docs.espressif.com/projects/esp-idf/en/latest/_images/packetdiag-1bc2f006258b9b40de31e4ceb4b31a347a216b99.png]
[docs.espressif.com/projects/esp-idf/en/latest/api-reference/system/freertos_additions.html]
[docs.espressif.com/projects/esp-idf/en/latest/api-reference/protocols/esp_tls.html]
[docs.espressif.com/projects/esp-idf/en/latest/api-reference/network/esp_now.html]
[docs.espressif.com/projects/esp-idf/en/latest/api-reference/system/esp_err.html]
[docs.espressif.com/projects/esp-idf/en/latest/api-reference/protocols/esp_http_server.html]
[docs.espressif.com/projects/esp-idf/en/latest/api-reference/system/esp_https_ota.html]
[docs.espressif.com/projects/esp-idf/en/latest/_images/mesh-software-stack.png]
[docs.espressif.com/projects/esp-idf/en/latest/_images/mesh-events-delivery.png]
[docs.espressif.com/projects/esp-idf/en/latest/api-reference/network/esp_mesh.html]
[docs.espressif.com/projects/esp-idf/en/latest/api-reference/protocols/esp_serial_slave_link.html]
[docs.espressif.com/projects/esp-idf/en/latest/api-reference/storage/nvs_flash.html]
[docs.espressif.com/projects/esp-idf/en/latest/api-reference/system/ota.html]
[docs.espressif.com/projects/esp-idf/en/latest/api-reference/peripherals/esp_slave_protocol.html]
[docs.espressif.com/projects/esp-idf/en/latest/api-guides/ulps2_instruction_set.html]
[docs.espressif.com/projects/esp-idf/en/latest/api-guides/ulp_macros.html]
[docs.espressif.com/projects/esp-idf/en/latest/api-reference/network/esp_smartconfig.html]
[docs.espressif.com/projects/esp-idf/en/latest/api-reference/network/esp_eth.html]
[docs.espressif.com/projects/esp-idf/en/latest/api-reference/system/esp_event.html]
[docs.espressif.com/projects/esp-idf/en/latest/api-reference/system/esp_event_legacy.html]
[docs.espressif.com/projects/esp-idf/en/latest/api-reference/system/esp_expression_with_stack.html]
[docs.espressif.com/projects/esp-idf/en/latest/api-reference/system/wdts.html]
[docs.espressif.com/projects/esp-idf/en/latest/api-reference/system/intr_alloc.html]
[docs.espressif.com/projects/esp-idf/en/latest/api-guides/ulp_instruction_set.html]
[docs.espressif.com/projects/esp-idf/en/latest/api-reference/network/esp_netif.html]
[docs.espressif.com/projects/esp-idf/en/latest/api-reference/system/ipc.html]
[docs.espressif.com/projects/esp-idf/en/latest/api-reference/protocols/esp_local_ctrl.html]
[docs.espressif.com/projects/esp-idf/en/latest/api-reference/protocols/mqtt.html]
[docs.espressif.com/projects/esp-idf/en/latest/api-reference/network/esp_netif_driver.html]
[docs.espressif.com/projects/esp-idf/en/latest/api-reference/protocols/icmp_echo.html]
[docs.espressif.com/projects/esp-idf/en/latest/api-reference/system/power_management.html]
[docs.espressif.com/projects/esp-idf/en/latest/api-reference/system/esp_pthread.html]
[docs.espressif.com/projects/esp-idf/en/latest/api-reference/storage/spiffs.html]
[docs.espressif.com/projects/esp-idf/en/latest/api-reference/bluetooth/esp_spp.html]
[docs.espressif.com/projects/esp-idf/en/latest/api-reference/system/esp_timer.html]
[docs.espressif.com/projects/esp-idf/en/latest/api-reference/storage/fatfs.html]
[docs.espressif.com/projects/esp-idf/en/latest/api-reference/storage/wear-levelling.html]
[docs.espressif.com/projects/esp-idf/en/latest/api-reference/protocols/esp_websocket_client.html]
[docs.espressif.com/projects/esp-idf/en/latest/api-reference/peripherals/gpio.html]
[docs.espressif.com/projects/esp-idf/en/latest/api-reference/network/tcpip_adapter_migration.html]
[docs.espressif.com/projects/esp-idf/en/latest/api-reference/system/APIReference-MultiHeapAPI]
[docs.espressif.com/projects/esp-idf/en/latest/api-reference/system/mem_alloc.html]
[docs.espressif.com/projects/esp-idf/en/latest/api-reference/protocols/esp_https_server.html]
[docs.espressif.com/projects/esp-idf/en/latest/_images/blockdiag-d171131f72da1185eb3be8f6ed165b13e319687e.png]
[docs.espressif.com/projects/esp-idf/en/latest/_images/blockdiag-1a722fa972a4e8ba9f84cf23a31889fafa18a16e.png]
[docs.espressif.com/projects/esp-idf/en/latest/api-reference/peripherals/i2c.html]
[docs.espressif.com/projects/esp-idf/en/latest/api-reference/peripherals/i2s.html]
[docs.espressif.com/projects/esp-idf/en/latest/_images/ledc-api-settings.jpg]
[docs.espressif.com/projects/esp-idf/en/latest/api-reference/peripherals/ledc.html]
[docs.espressif.com/projects/esp-idf/en/latest/api-reference/protocols/modbus.html]
[docs.espressif.com/projects/esp-idf/en/latest/_images/mcpwm-overview.png]
[docs.espressif.com/projects/esp-idf/en/latest/_images/mcpwm-block-diagram.png]
[docs.espressif.com/projects/esp-idf/en/latest/_images/mcpwm-brushed-dc-control.png]
[docs.espressif.com/projects/esp-idf/en/latest/_images/mcpwm-bldc-control.png]
[docs.espressif.com/projects/esp-idf/en/latest/api-reference/peripherals/mcpwm.html]
[docs.espressif.com/projects/esp-idf/en/latest/api-reference/protocols/mdns.html]
[docs.espressif.com/projects/esp-idf/en/latest/api-reference/peripherals/pcnt.html]
[docs.espressif.com/projects/esp-idf/en/latest/_images/blockdiag-65e7fb12de44085d5549248b0aeed8bae3cbae29.png]
[docs.espressif.com/projects/esp-idf/en/latest/_images/blockdiag-7c2656f983f260eeea1c049c8d69997999e51bb4.png]
[docs.espressif.com/projects/esp-idf/en/latest/_images/packetdiag-669307f2c8751d0caed5c71e090e814611577723.png]
[docs.espressif.com/projects/esp-idf/en/latest/api-reference/peripherals/rmt.html]
[docs.espressif.com/projects/esp-idf/en/latest/api-reference/peripherals/sdio_slave.html]
[docs.espressif.com/projects/esp-idf/en/latest/api-reference/storage/sdmmc.html]
[docs.espressif.com/projects/esp-idf/en/latest/api-reference/peripherals/sdmmc_host.html]
[docs.espressif.com/projects/esp-idf/en/latest/api-reference/peripherals/sdspi_host.html]
[docs.espressif.com/projects/esp-idf/en/latest/api-reference/peripherals/sigmadelta.html]
[docs.espressif.com/projects/esp-idf/en/latest/_images/spi_slave_miso_dma.png]
[docs.espressif.com/projects/esp-idf/en/latest/api-reference/peripherals/spi_slave.html]
[docs.espressif.com/projects/esp-idf/en/latest/_images/spi_miso.png]
[docs.espressif.com/projects/esp-idf/en/latest/_images/miso_timing_waveform.png]
[docs.espressif.com/projects/esp-idf/en/latest/_images/spi_master_freq_tv.png]
[docs.espressif.com/projects/esp-idf/en/latest/api-reference/peripherals/spi_master.html]
[docs.espressif.com/projects/esp-idf/en/latest/api-reference/peripherals/temp_sensor.html]
[docs.espressif.com/projects/esp-idf/en/latest/api-reference/peripherals/timer.html]
[docs.espressif.com/projects/esp-idf/en/latest/_images/touch_pad-measurement-parameters.jpg]
[docs.espressif.com/projects/esp-idf/en/latest/api-reference/peripherals/touch_pad.html]
[docs.espressif.com/projects/esp-idf/en/latest/api-reference/peripherals/uart.html]
[docs.espressif.com/projects/esp-idf/en/latest/api-guides/ulp-legacy.html]
[docs.espressif.com/projects/esp-idf/en/latest/api-guides/ulp.html]
[docs.espressif.com/projects/esp-idf/en/latest/api-reference/provisioning/wifi_provisioning.html]
[docs.espressif.com/projects/esp-idf/en/latest/api-reference/system/perfmon.html]
[docs.espressif.com/projects/esp-idf/en/latest/api-guides/tools/idf-docker-image.html]
[docs.espressif.com/projects/esp-idf/en/latest/hw-reference/get-started-devkitc-v2.html]
[docs.espressif.com/projects/esp-idf/en/latest/_images/esp32-devkitc-functional-overview.jpg]
[docs.espressif.com/projects/esp-idf/en/latest/_images/esp32-devkitc-c15-location.png]
[docs.espressif.com/projects/esp-idf/en/latest/_images/esp32-devkitc-dimensions-back.jpg]
[docs.espressif.com/projects/esp-idf/en/latest/hw-reference/get-started-devkitc.html]
[docs.espressif.com/projects/esp-idf/en/latest/get-started/index-2.html]
[docs.espressif.com/projects/esp-idf/en/latest/hw-reference/get-started-wrover-kit-v3.html]
[docs.espressif.com/projects/esp-idf/en/latest/_images/esp-wrover-kit-block-diagram.png]
[docs.espressif.com/projects/esp-idf/en/latest/_images/esp-wrover-kit-v4.1-layout-front.png]
[docs.espressif.com/projects/esp-idf/en/latest/_images/esp-wrover-kit-v4.1-layout-back.png]
[docs.espressif.com/projects/esp-idf/en/latest/_images/esp-wrover-kit-v4.1-jp7-ext_5v.jpg]
[docs.espressif.com/projects/esp-idf/en/latest/_images/esp-wrover-kit-v4.1-jp7-usb_5v.jpg]
[docs.espressif.com/projects/esp-idf/en/latest/_images/esp-wrover-kit-v4.1-jp2-jtag.jpg]
[docs.espressif.com/projects/esp-idf/en/latest/_images/esp-wrover-kit-v4.1-jp2-tx-rx.jpg]
[docs.espressif.com/projects/esp-idf/en/latest/_images/esp-wrover-kit-v4.1-jp14.jpg]
[docs.espressif.com/projects/esp-idf/en/latest/hw-reference/get-started-wrover-kit.html]
[docs.espressif.com/projects/esp-idf/en/latest/hw-reference/get-started-pico-kit-v3.html]
[docs.espressif.com/projects/esp-idf/en/latest/hw-reference/get-started-wrover-kit-v2.html]
[docs.espressif.com/projects/esp-idf/en/latest/_images/esp32-pico-kit-v4-functional-block-diagram.png]
[docs.espressif.com/projects/esp-idf/en/latest/_images/esp32-pico-kit-v4.1-f-layout.jpg]
[docs.espressif.com/projects/esp-idf/en/latest/_images/esp32-pico-kit-v4.1-dimensions-back.jpg]
[docs.espressif.com/projects/esp-idf/en/latest/_images/esp32-pico-kit-v4-dimensions-side.jpg]
[docs.espressif.com/projects/esp-idf/en/latest/hw-reference/get-started-pico-kit.html]
[docs.espressif.com/projects/esp-idf/en/latest/hw-reference/get-started-ethernet-kit-v1.0.html]
[docs.espressif.com/projects/esp-idf/en/latest/_images/esp32-ethernet-kit-v1.1.png]
[docs.espressif.com/projects/esp-idf/en/latest/_images/esp32-ethernet-kit-v1.1-block-diagram.png]
[docs.espressif.com/projects/esp-idf/en/latest/_images/esp32-ethernet-kit-a-v1.1-layout.png]
[docs.espressif.com/projects/esp-idf/en/latest/_images/esp32-ethernet-kit-b-v1.0-layout.png]
[docs.espressif.com/projects/esp-idf/en/latest/_images/esp32-ethernet-kit-rmii-clk-from-phy.png]
[docs.espressif.com/projects/esp-idf/en/latest/_images/esp32-ethernet-kit-rmii-clk-to-phy.png]
[docs.espressif.com/projects/esp-idf/en/latest/hw-reference/get-started-ethernet-kit.html]
[docs.espressif.com/projects/esp-idf/en/latest/get-started-legacy/windows-setup.html]
[docs.espressif.com/projects/esp-idf/en/latest/get-started/windows-setup.html]
[docs.espressif.com/projects/esp-idf/en/latest/get-started/windows-setup-update.html]
[docs.espressif.com/projects/esp-idf/en/latest/get-started/linux-setup.html]
[docs.espressif.com/projects/esp-idf/en/latest/get-started/linux-setup-scratch.html]
[docs.espressif.com/projects/esp-idf/en/latest/get-started/macos-setup.html]
[docs.espressif.com/projects/esp-idf/en/latest/get-started/macos-setup-scratch.html]
[docs.espressif.com/projects/esp-idf/en/latest/_images/esp32-devkitc-in-device-manager1.png]
[docs.espressif.com/projects/esp-idf/en/latest/_images/esp32-wrover-kit-in-device-manager1.png]
[docs.espressif.com/projects/esp-idf/en/latest/_images/putty-settings-windows1.png]
[docs.espressif.com/projects/esp-idf/en/latest/_images/putty-settings-linux1.png]
[docs.espressif.com/projects/esp-idf/en/latest/get-started/establish-serial-connection.html]
[docs.espressif.com/projects/esp-idf/en/latest/get-started/eclipse-setup.html]
[docs.espressif.com/projects/esp-idf/en/latest/api-guides/tools/idf-monitor.html]
[docs.espressif.com/projects/esp-idf/en/latest/get-started/toolchain-setup-scratch.html]
[docs.espressif.com/projects/esp-idf/en/latest/get-started-legacy/eclipse-setup.html]
[docs.espressif.com/projects/esp-idf/en/latest/_images/what-you-need.png]
[docs.espressif.com/projects/esp-idf/en/latest/get-started-legacy/index-2.html]
[docs.espressif.com/projects/esp-idf/en/latest/get-started-legacy/linux-setup.html]
[docs.espressif.com/projects/esp-idf/en/latest/get-started-legacy/macos-setup.html]
[docs.espressif.com/projects/esp-idf/en/latest/_images/windows-logo.png]
[docs.espressif.com/projects/esp-idf/en/latest/_images/linux-logo.png]
[docs.espressif.com/projects/esp-idf/en/latest/_images/macos-logo.png]
[docs.espressif.com/projects/esp-idf/en/latest/get-started-legacy/add-idf_path-to-profile.html]
[docs.espressif.com/projects/esp-idf/en/latest/get-started-legacy/establish-serial-connection.html]
[docs.espressif.com/projects/esp-idf/en/latest/_images/project-configuration.png]
[docs.espressif.com/projects/esp-idf/en/latest/_images/get-started-garbled-output.png]
[docs.espressif.com/projects/esp-idf/en/latest/get-started-legacy/index.html]
[docs.espressif.com/projects/esp-idf/en/latest/get-started/windows-setup-scratch.html]
[docs.espressif.com/projects/esp-idf/en/latest/api-reference/kconfig.html]
[docs.espressif.com/projects/esp-idf/en/latest/get-started-legacy/make-project.html]
[docs.espressif.com/projects/esp-idf/en/latest/_images/blockdiag-16ef5cdf3d8a6a4300fe1484c9349582a144d8c0.png]
[docs.espressif.com/projects/esp-idf/en/latest/api-guides/build-system.html]
[docs.espressif.com/projects/esp-idf/en/latest/_static/F2A76EEE96E44F61.html]
[docs.espressif.com/projects/esp-idf/en/latest/_static/F2A76EEE96E44F63.html]
[docs.espressif.com/projects/esp-idf/en/latest/api-reference/bluetooth/index.html]
[docs.espressif.com/projects/esp-idf/en/latest/api-reference/bluetooth/index-2.html]
[docs.espressif.com/projects/esp-idf/en/latest/get-started-legacy/windows-setup-scratch.html]
[docs.espressif.com/projects/esp-idf/en/latest/get-started-legacy/linux-setup-scratch.html]
[docs.espressif.com/projects/esp-idf/en/latest/get-started-legacy/toolchain-setup-scratch.html]
[docs.espressif.com/projects/esp-idf/en/latest/api-reference/index-2.html]
[docs.espressif.com/projects/esp-idf/en/latest/api-reference/network/index.html]
[docs.espressif.com/projects/esp-idf/en/latest/api-reference/peripherals/index.html]
[docs.espressif.com/projects/esp-idf/en/latest/api-reference/protocols/index.html]
[docs.espressif.com/projects/esp-idf/en/latest/get-started-legacy/macos-setup-scratch.html]
[docs.espressif.com/projects/esp-idf/en/latest/api-reference/provisioning/index.html]
[docs.espressif.com/projects/esp-idf/en/latest/api-reference/network/index-2.html]
[docs.espressif.com/projects/esp-idf/en/latest/api-reference/peripherals/index-2.html]
[docs.espressif.com/projects/esp-idf/en/latest/api-reference/protocols/index-2.html]
[docs.espressif.com/projects/esp-idf/en/latest/api-reference/storage/index.html]
[docs.espressif.com/projects/esp-idf/en/latest/api-reference/system/index.html]
[docs.espressif.com/projects/esp-idf/en/latest/api-reference/error-codes.html]
[docs.espressif.com/projects/esp-idf/en/latest/api-reference/bluetooth/bt_common.html]
[docs.espressif.com/projects/esp-idf/en/latest/api-reference/bluetooth/bt_le.html]
[docs.espressif.com/projects/esp-idf/en/latest/api-reference/bluetooth/classic_bt.html]
[docs.espressif.com/projects/esp-idf/en/latest/api-reference/peripherals/sd_pullup_requirements.html]
[docs.espressif.com/projects/esp-idf/en/latest/api-reference/protocols/asio.html]
[docs.espressif.com/projects/esp-idf/en/latest/api-reference/provisioning/index-2.html]
[docs.espressif.com/projects/esp-idf/en/latest/api-reference/storage/index-2.html]
[docs.espressif.com/projects/esp-idf/en/latest/api-reference/system/index-2.html]
[docs.espressif.com/projects/esp-idf/en/latest/_images/seqdiag-7a52d6a6844c830acb1cb602031818ffd9c8e66e.png]
[docs.espressif.com/projects/esp-idf/en/latest/_images/unified_provisioning.png]
[docs.espressif.com/projects/esp-idf/en/latest/_images/seqdiag-58adb9423ef675dbc77e10b36f25f22674b70c96.png]
[docs.espressif.com/projects/esp-idf/en/latest/api-reference/provisioning/provisioning.html]
[docs.espressif.com/projects/esp-idf/en/latest/_images/blockdiag-6ba9a3ae2ca237d8dd5350fd76415cc3dc524e49.png]
[docs.espressif.com/projects/esp-idf/en/latest/api-reference/storage/mass_mfg.html]
[docs.espressif.com/projects/esp-idf/en/latest/api-reference/storage/nvs_partition_gen.html]
[dl.espressif.com/dl/schematics/pictures/esp32-wroom-32-front-back.jpg]
[dl.espressif.com/dl/schematics/pictures/esp32-wroom-32d-front-back.jpg]
[dl.espressif.com/dl/schematics/pictures/esp32-wroom-32u-front-back.jpg]
[dl.espressif.com/dl/schematics/pictures/esp32-solo-1-front-back.jpg]
[dl.espressif.com/dl/schematics/pictures/esp32-wrover.jpg]
[dl.espressif.com/dl/schematics/pictures/esp32-pico-kit-v4.1.jpg]
[dl.espressif.com/dl/schematics/pictures/esp32-devkitc-v4-front.jpg]
[dl.espressif.com/dl/schematics/pictures/esp-wrover-kit-v4.1-front.jpg]
[docs.espressif.com/projects/esp-idf/en/latest/hw-reference/modules-and-boards.html]
[docs.espressif.com/projects/esp-idf/en/latest/hw-reference/index-2.html]
[dl.espressif.com/dl/schematics/pictures/esp32-pico-kit-v4.jpg]
[dl.espressif.com/dl/schematics/pictures/esp32-pico-kit-v3.jpg]
[dl.espressif.com/dl/schematics/pictures/esp32-core-board-v2.png]
[dl.espressif.com/dl/schematics/pictures/esp-wrover-kit-v3.jpg]
[dl.espressif.com/dl/schematics/pictures/esp-wrover-kit-v2.jpg]
[dl.espressif.com/dl/schematics/pictures/esp32-devkitj-v1.jpg]
[dl.espressif.com/dl/schematics/pictures/esp32-demo-board-v2.jpg]
[docs.espressif.com/projects/esp-idf/en/latest/hw-reference/modules-and-boards-previous.html]
[docs.espressif.com/projects/esp-idf/en/latest/_images/app_trace-overview.jpg]
[docs.espressif.com/projects/esp-idf/en/latest/api-guides/jtag-debugging/tips-and-quirks.html]
[docs.espressif.com/projects/esp-idf/en/latest/api-guides/app_trace.html]
[docs.espressif.com/projects/esp-idf/en/latest/api-guides/index-2.html]
[docs.espressif.com/projects/esp-idf/en/latest/api-guides/jtag-debugging/using-debugger.html]
[docs.espressif.com/projects/esp-idf/en/latest/_images/seqdiag-b074d5e06d1b3c6f34b4874692deb00855a82c4f.png]
[docs.espressif.com/projects/esp-idf/en/latest/api-guides/blufi.html]
[docs.espressif.com/projects/esp-idf/en/latest/api-guides/bootloader.html]
[docs.espressif.com/projects/esp-idf/en/latest/api-guides/build-system-legacy.html]
[docs.espressif.com/projects/esp-idf/en/latest/api-guides/console.html]
[docs.espressif.com/projects/esp-idf/en/latest/api-guides/deep-sleep-stub.html]
[docs.espressif.com/projects/esp-idf/en/latest/api-guides/error-handling.html]
[docs.espressif.com/projects/esp-idf/en/latest/api-guides/esp-ble-mesh/ble-mesh-feature-list.html]
[docs.espressif.com/projects/esp-idf/en/latest/api-guides/esp-ble-mesh/ble-mesh-faq.html]
[docs.espressif.com/projects/esp-idf/en/latest/api-guides/esp-ble-mesh/ble-mesh-terminology.html]
[docs.espressif.com/projects/esp-idf/en/latest/_images/ble-mesh-device-power-on.png]
[docs.espressif.com/projects/esp-idf/en/latest/_images/ble-mesh-scanner.png]
[docs.espressif.com/projects/esp-idf/en/latest/_images/ble-mesh-identify-provision.png]
[docs.espressif.com/projects/esp-idf/en/latest/_images/ble-mesh-config-complete.png]
[docs.espressif.com/projects/esp-idf/en/latest/_images/ble-mesh-initial-config-fail.png]
[docs.espressif.com/projects/esp-idf/en/latest/_images/ble-mesh-reconnect-initial-config.png]
[docs.espressif.com/projects/esp-idf/en/latest/_images/ble-mesh-reconnect-three.png]
[docs.espressif.com/projects/esp-idf/en/latest/_images/ble-mesh-model-bind-appkey.png]
[docs.espressif.com/projects/esp-idf/en/latest/_images/ble-mesh-generic-onoff.png]
[docs.espressif.com/projects/esp-idf/en/latest/_images/ble-mesh-three-nodes-on.png]
[docs.espressif.com/projects/esp-idf/en/latest/api-guides/esp-ble-mesh/ble-mesh-index.html]
[docs.espressif.com/projects/esp-idf/en/latest/_images/mesh-traditional-network-architecture.png]
[docs.espressif.com/projects/esp-idf/en/latest/_images/mesh-esp-mesh-network-architecture.png]
[docs.espressif.com/projects/esp-idf/en/latest/_images/mesh-tree-topology.png]
[docs.espressif.com/projects/esp-idf/en/latest/_images/mesh-node-types.png]
[docs.espressif.com/projects/esp-idf/en/latest/_images/mesh-beacon-frame-rssi.png]
[docs.espressif.com/projects/esp-idf/en/latest/_images/mesh-preferred-parent-node.png]
[docs.espressif.com/projects/esp-idf/en/latest/_images/mesh-routing-tables-example.png]
[docs.espressif.com/projects/esp-idf/en/latest/_images/mesh-network-building.png]
[docs.espressif.com/projects/esp-idf/en/latest/_images/mesh-root-node-election-example.png]
[docs.espressif.com/projects/esp-idf/en/latest/_images/mesh-root-node-designated-example.png]
[docs.espressif.com/projects/esp-idf/en/latest/_images/mesh-asynchronous-power-on-example.png]
[docs.espressif.com/projects/esp-idf/en/latest/_images/mesh-root-node-failure.png]
[docs.espressif.com/projects/esp-idf/en/latest/_images/mesh-parent-node-failure.png]
[docs.espressif.com/projects/esp-idf/en/latest/_images/mesh-root-node-switch-example.png]
[docs.espressif.com/projects/esp-idf/en/latest/_images/mesh-packet.png]
[docs.espressif.com/projects/esp-idf/en/latest/_images/mesh-bidirectional-data-stream.png]
[docs.espressif.com/projects/esp-idf/en/latest/api-guides/mesh.html]
[docs.espressif.com/projects/esp-idf/en/latest/api-guides/core_dump.html]
[docs.espressif.com/projects/esp-idf/en/latest/api-guides/event-handling.html]
[docs.espressif.com/projects/esp-idf/en/latest/api-guides/external-ram.html]
[docs.espressif.com/projects/esp-idf/en/latest/_images/blockdiag-22776548ae95d5078e3bcc31e14c99215ae269f0.png]
[docs.espressif.com/projects/esp-idf/en/latest/api-guides/fatal-errors.html]
[docs.espressif.com/projects/esp-idf/en/latest/security/flash-encryption.html]
[docs.espressif.com/projects/esp-idf/en/latest/_images/freertos-ready-task-list.png]
[docs.espressif.com/projects/esp-idf/en/latest/_images/freertos-ready-task-list-smp.png]
[docs.espressif.com/projects/esp-idf/en/latest/_images/freertos-ready-task-list-smp-pxIndex.png]
[docs.espressif.com/projects/esp-idf/en/latest/api-guides/freertos-smp.html]
[docs.espressif.com/projects/esp-idf/en/latest/api-guides/general-notes.html]
[docs.espressif.com/projects/esp-idf/en/latest/api-guides/hlinterrupts.html]
[docs.espressif.com/projects/esp-idf/en/latest/api-guides/jtag-debugging/configure-wrover.html]
[docs.espressif.com/projects/esp-idf/en/latest/api-guides/jtag-debugging/building-openocd-windows.html]
[docs.espressif.com/projects/esp-idf/en/latest/api-guides/jtag-debugging/index-2.html]
[docs.espressif.com/projects/esp-idf/en/latest/api-guides/jtag-debugging/building-openocd-linux.html]
[docs.espressif.com/projects/esp-idf/en/latest/api-guides/jtag-debugging/building-openocd-macos.html]
[docs.espressif.com/projects/esp-idf/en/latest/api-guides/jtag-debugging/debugging-examples.html]
[docs.espressif.com/projects/esp-idf/en/latest/_images/jtag-debugging-overview.jpg]
[docs.espressif.com/projects/esp-idf/en/latest/api-guides/jtag-debugging/index.html]
[docs.espressif.com/projects/esp-idf/en/latest/api-guides/linker-script-generation.html]
[docs.espressif.com/projects/esp-idf/en/latest/api-guides/lwip.html]
[docs.espressif.com/projects/esp-idf/en/latest/api-guides/partition-tables.html]
[docs.espressif.com/projects/esp-idf/en/latest/api-guides/RF_calibration.html]
[docs.espressif.com/projects/esp-idf/en/latest/api-guides/romconsole.html]
[docs.espressif.com/projects/esp-idf/en/latest/security/secure-boot.html]
[docs.espressif.com/projects/esp-idf/en/latest/api-guides/thread-local-storage.html]
[docs.espressif.com/projects/esp-idf/en/latest/api-guides/jtag-debugging/configure-other-jtag.html]
[docs.espressif.com/projects/esp-idf/en/latest/api-guides/tools/index.html]
[docs.espressif.com/projects/esp-idf/en/latest/api-guides/unit-tests-legacy.html]
[docs.espressif.com/projects/esp-idf/en/latest/api-guides/unit-tests.html]
[docs.espressif.com/projects/esp-idf/en/latest/api-guides/tools/idf-tools.html]
[docs.espressif.com/projects/esp-idf/en/latest/_images/blockdiag-fa9bdae6cffadff0d7abcecf690ead442dbf32ef.png]
[docs.espressif.com/projects/esp-idf/en/latest/api-guides/tools/index-2.html]
[docs.espressif.com/projects/esp-idf/en/latest/_images/seqdiag-8cc01a9d7d1eef82ac3cd33e6c75000b96a78210.png]
[docs.espressif.com/projects/esp-idf/en/latest/_images/seqdiag-7354a1e725b72a0a4e8b4e8ce2366865469cb497.png]
[docs.espressif.com/projects/esp-idf/en/latest/_images/seqdiag-2d33fea19c2b30cfbe115864597b5aa8db083301.png]
[docs.espressif.com/projects/esp-idf/en/latest/_images/seqdiag-ffc35ba0d023e343319615086c3e984a45dc8b4b.png]
[docs.espressif.com/projects/esp-idf/en/latest/_images/seqdiag-f90cb072db997810592e053b61ff13a8015b0b73.png]
[docs.espressif.com/projects/esp-idf/en/latest/_images/seqdiag-39c85a79c5cdf892867aca38bae76232d5c7993f.png]
[docs.espressif.com/projects/esp-idf/en/latest/_images/blockdiag-e3571a5849ad480390b8b5baa3b46b7969db33e5.png]
[docs.espressif.com/projects/esp-idf/en/latest/_images/blockdiag-a8513103a51e57c6033b081c78419844da56d279.png]
[docs.espressif.com/projects/esp-idf/en/latest/api-guides/wifi.html]
[docs.espressif.com/projects/esp-idf/en/latest/libraries-and-frameworks/cloud-frameworks.html]
[docs.espressif.com/projects/esp-idf/en/latest/_images/ws-capture-interface.jpg]
[docs.espressif.com/projects/esp-idf/en/latest/_images/ws-setup-filters.png]
[docs.espressif.com/projects/esp-idf/en/latest/_images/ws-display-filter-dialogue-box.png]
[docs.espressif.com/projects/esp-idf/en/latest/_images/ws-filter-expression.png]
[docs.espressif.com/projects/esp-idf/en/latest/_images/ws-filter-toolbar.png]
[docs.espressif.com/projects/esp-idf/en/latest/_images/ws-filter-toolbar_green.png]
[docs.espressif.com/projects/esp-idf/en/latest/_images/ws-packet-list.png]
[docs.espressif.com/projects/esp-idf/en/latest/_images/ws-stop-packet-capture.png]
[docs.espressif.com/projects/esp-idf/en/latest/_images/ws-start-resume-packet-capture.png]
[docs.espressif.com/projects/esp-idf/en/latest/_images/ws-save-packets.png]
[docs.espressif.com/projects/esp-idf/en/latest/api-guides/wireshark-user-guide.html]
[docs.espressif.com/projects/esp-idf/en/latest/libraries-and-frameworks/index-2.html]
[docs.espressif.com/projects/esp-idf/en/latest/contribute/style-guide.html]
[docs.espressif.com/projects/esp-idf/en/latest/contribute/index-2.html]
[docs.espressif.com/projects/esp-idf/en/latest/_images/doc-code-documentation-inline.png]
[docs.espressif.com/projects/esp-idf/en/latest/_images/doc-code-documentation-rendered.png]
[docs.espressif.com/projects/esp-idf/en/latest/_images/doc-code-function.png]
[docs.espressif.com/projects/esp-idf/en/latest/_images/doc-code-void-function.png]
[docs.espressif.com/projects/esp-idf/en/latest/_images/doc-code-member.png]
[docs.espressif.com/projects/esp-idf/en/latest/contribute/documenting-code.html]
[docs.espressif.com/projects/esp-idf/en/latest/contribute/add-ons-reference.html]
[docs.espressif.com/projects/esp-idf/en/latest/contribute/creating-examples.html]
[docs.espressif.com/projects/esp-idf/en/latest/api-reference/template.html]
[docs.espressif.com/projects/esp-idf/en/latest/contribute/contributor-agreement.html]
[docs.espressif.com/projects/esp-idf/en/latest/_images/esp-ble-mesh-architecture.png]
[docs.espressif.com/projects/esp-idf/en/latest/_images/esp-ble-mesh-interface.png]
[docs.espressif.com/projects/esp-idf/en/latest/api-guides/esp-ble-mesh/ble-mesh-architecture.html]
[docs.espressif.com/projects/esp-idf/en/latest/api-reference/bluetooth/nimble/index-2.html]
[docs.espressif.com/projects/esp-idf/en/latest/template.html]
[docs.espressif.com/projects/esp-idf/en/latest/api-reference/peripherals/esp_slave_protocol.html]
[docs.espressif.com/projects/esp-idf/en/latest/api-guides/ulps2_instruction_set.html]
[docs.espressif.com/projects/esp-idf/en/latest/api-guides/ulp_instruction_set.html]
[docs.espressif.com/projects/esp-idf/en/latest/api-reference/network/tcpip_adapter_migration.html]
[docs.espressif.com/projects/esp-idf/en/latest/api-reference/system/APIReference-MultiHeapAPI.html]
[docs.espressif.com/projects/esp-idf/en/latest/api-guides/tools/idf-docker-image.html]
[docs.espressif.com/projects/esp-idf/en/latest/_images/esp32-devkitc-v2-functional-overview.png]
[docs.espressif.com/projects/esp-idf/en/latest/hw-reference/get-started-devkitc-v2.html]
[docs.espressif.com/projects/esp-idf/en/latest/_images/esp-wrover-kit-v3-layout-front.jpg]
[docs.espressif.com/projects/esp-idf/en/latest/_images/esp-wrover-kit-v3-layout-back.jpg]
[docs.espressif.com/projects/esp-idf/en/latest/_images/esp-wrover-kit-v3-jp7-ext_5v.png]
[docs.espressif.com/projects/esp-idf/en/latest/_images/esp-wrover-kit-v3-jp7-usb_5v.png]
[docs.espressif.com/projects/esp-idf/en/latest/_images/esp-wrover-kit-v3-jp8.png]
[docs.espressif.com/projects/esp-idf/en/latest/_images/esp-wrover-kit-v3-jp11-tx-rx.png]
[docs.espressif.com/projects/esp-idf/en/latest/_images/esp-wrover-kit-v3-jp14.png]
[docs.espressif.com/projects/esp-idf/en/latest/hw-reference/get-started-wrover-kit-v3.html]
[docs.espressif.com/projects/esp-idf/en/latest/_images/esp32-pico-kit-v3-layout.jpg]
[docs.espressif.com/projects/esp-idf/en/latest/hw-reference/get-started-pico-kit-v3.html]
[docs.espressif.com/projects/esp-idf/en/latest/_images/esp-wrover-kit-v2-layout-front.png]
[docs.espressif.com/projects/esp-idf/en/latest/_images/esp-wrover-kit-v2-layout-back.png]
[docs.espressif.com/projects/esp-idf/en/latest/_images/wrover-jp1-sd_io2.png]
[docs.espressif.com/projects/esp-idf/en/latest/_images/wrover-jp1-both.png]
[docs.espressif.com/projects/esp-idf/en/latest/_images/wrover-jp7-ext_5v.png]
[docs.espressif.com/projects/esp-idf/en/latest/_images/wrover-jp7-usb_5v.png]
[docs.espressif.com/projects/esp-idf/en/latest/_images/wrover-jp8.png]
[docs.espressif.com/projects/esp-idf/en/latest/_images/wrover-jp11-tx-rx.png]
[docs.espressif.com/projects/esp-idf/en/latest/_images/wrover-jp14.png]
[docs.espressif.com/projects/esp-idf/en/latest/hw-reference/get-started-wrover-kit-v2.html]
[docs.espressif.com/projects/esp-idf/en/latest/_images/esp32-ethernet-kit-v1.0.png]
[docs.espressif.com/projects/esp-idf/en/latest/_images/esp32-ethernet-kit-block-diagram.png]
[docs.espressif.com/projects/esp-idf/en/latest/_images/esp32-ethernet-kit-a-v1.0-layout.png]
[docs.espressif.com/projects/esp-idf/en/latest/hw-reference/get-started-ethernet-kit-v1.0.html]
[docs.espressif.com/projects/esp-idf/en/latest/_images/msys2-terminal-window.png]
[docs.espressif.com/projects/esp-idf/en/latest/get-started-legacy/windows-setup.html]
[docs.espressif.com/projects/esp-idf/en/latest/get-started/windows-setup-update.html]
[docs.espressif.com/projects/esp-idf/en/latest/get-started/linux-setup-scratch.html]
[docs.espressif.com/projects/esp-idf/en/latest/get-started/macos-setup-scratch.html]
[docs.espressif.com/projects/esp-idf/en/latest/get-started-legacy/eclipse-setup.html]
[docs.espressif.com/projects/esp-idf/en/latest/get-started-legacy/index-2.html]
[docs.espressif.com/projects/esp-idf/en/latest/get-started-legacy/linux-setup.html]
[docs.espressif.com/projects/esp-idf/en/latest/get-started-legacy/macos-setup.html]
[docs.espressif.com/projects/esp-idf/en/latest/get-started-legacy/add-idf_path-to-profile.html]
[docs.espressif.com/projects/esp-idf/en/latest/_images/esp32-devkitc-in-device-manager.png]
[docs.espressif.com/projects/esp-idf/en/latest/_images/esp32-wrover-kit-in-device-manager.png]
[docs.espressif.com/projects/esp-idf/en/latest/_images/putty-settings-windows.png]
[docs.espressif.com/projects/esp-idf/en/latest/_images/putty-settings-linux.png]
[docs.espressif.com/projects/esp-idf/en/latest/get-started-legacy/establish-serial-connection.html]
[docs.espressif.com/projects/esp-idf/en/latest/get-started-legacy/make-project.html]
[docs.espressif.com/projects/esp-idf/en/latest/api-reference/bluetooth/index-2.html]
[docs.espressif.com/projects/esp-idf/en/latest/get-started-legacy/windows-setup-scratch.html]
[docs.espressif.com/projects/esp-idf/en/latest/get-started-legacy/linux-setup-scratch.html]
[docs.espressif.com/projects/esp-idf/en/latest/get-started-legacy/macos-setup-scratch.html]
[docs.espressif.com/projects/esp-idf/en/latest/api-reference/network/index-2.html]
[docs.espressif.com/projects/esp-idf/en/latest/api-reference/peripherals/index-2.html]
[docs.espressif.com/projects/esp-idf/en/latest/api-reference/protocols/index-2.html]
[docs.espressif.com/projects/esp-idf/en/latest/api-reference/provisioning/index-2.html]
[docs.espressif.com/projects/esp-idf/en/latest/api-reference/storage/index-2.html]
[docs.espressif.com/projects/esp-idf/en/latest/api-reference/system/index-2.html]
[docs.espressif.com/projects/esp-idf/en/latest/api-guides/jtag-debugging/tips-and-quirks.html]
[docs.espressif.com/projects/esp-idf/en/latest/_images/hw-debugging-main-tab.jpg]
[docs.espressif.com/projects/esp-idf/en/latest/_images/hw-debugging-debugger-tab.jpg]
[docs.espressif.com/projects/esp-idf/en/latest/_images/hw-debugging-startup-tab.jpg]
[docs.espressif.com/projects/esp-idf/en/latest/_images/debug-perspective.jpg]
[docs.espressif.com/projects/esp-idf/en/latest/api-guides/jtag-debugging/using-debugger.html]
[docs.espressif.com/projects/esp-idf/en/latest/api-guides/esp-ble-mesh/ble-mesh-feature-list.html]
[docs.espressif.com/projects/esp-idf/en/latest/hw-reference/get-started-devkitc]
[docs.espressif.com/projects/esp-idf/en/latest/api-guides/esp-ble-mesh/ble-mesh-faq.html]
[docs.espressif.com/projects/esp-idf/en/latest/api-guides/esp-ble-mesh/ble-mesh-terminology.html]
[docs.espressif.com/projects/esp-idf/en/latest/_images/jtag-usb-configuration-zadig.jpg]
[docs.espressif.com/projects/esp-idf/en/latest/api-guides/jtag-debugging/configure-wrover.html]
[docs.espressif.com/projects/esp-idf/en/latest/api-guides/jtag-debugging/index-2.html]
[docs.espressif.com/projects/esp-idf/en/latest/api-guides/jtag-debugging/building-openocd-windows.html]
[docs.espressif.com/projects/esp-idf/en/latest/api-guides/jtag-debugging/building-openocd-linux.html]
[docs.espressif.com/projects/esp-idf/en/latest/api-guides/jtag-debugging/building-openocd-macos.html]
[docs.espressif.com/projects/esp-idf/en/latest/_images/debugging-target-halted.jpg]
[docs.espressif.com/projects/esp-idf/en/latest/_images/debugging-navigate-through-the-stack.jpg]
[docs.espressif.com/projects/esp-idf/en/latest/_images/debugging-setting-breakpoint.jpg]
[docs.espressif.com/projects/esp-idf/en/latest/_images/debugging-three-breakpoints-set.jpg]
[docs.espressif.com/projects/esp-idf/en/latest/_images/debugging-target-halted-manually.jpg]
[docs.espressif.com/projects/esp-idf/en/latest/_images/debugging-step-over.jpg]
[docs.espressif.com/projects/esp-idf/en/latest/_images/debugging-step-into.jpg]
[docs.espressif.com/projects/esp-idf/en/latest/_images/debugging-memory-location-on.jpg]
[docs.espressif.com/projects/esp-idf/en/latest/_images/debugging-memory-location-off.jpg]
[docs.espressif.com/projects/esp-idf/en/latest/_images/debugging-watch-variable.jpg]
[docs.espressif.com/projects/esp-idf/en/latest/_images/debugging-setting-conditional-breakpoint.jpg]
[docs.espressif.com/projects/esp-idf/en/latest/api-guides/jtag-debugging/debugging-examples.html]
[docs.espressif.com/projects/esp-idf/en/latest/api-guides/jtag-debugging/configure-other-jtag.html]
[docs.espressif.com/projects/esp-idf/en/latest/api-guides/tools/idf-tools.html]
[docs.espressif.com/projects/esp-idf/en/latest/api-guides/tools/index-2.html]
[docs.espressif.com/projects/esp-idf/en/latest/hw-reference/get-started-devkitc-2.html]
