C51 COMPILER V8.02   MAIN                                                                  05/23/2016 09:37:25 PAGE 1   


C51 COMPILER V8.02, COMPILATION OF MODULE MAIN
OBJECT MODULE PLACED IN ..\output\main.obj
COMPILER INVOKED BY: D:\Program Files (x86)\Keil\C51\BIN\C51.EXE main.c BROWSE INCDIR(..\PERIPHERALS\INC\) DEBUG OBJECTE
                    -XTEND PRINT(..\lis\main.lst) OBJECT(..\output\main.obj)

line level    source

   1          #include <reg52.h>
   2          #include "usart.h"
   3          #include "iic.h"  
   4          /*
   5          硬件接法：
   6          GY-39----C51
   7          SCL---P3^6
   8          SDA---P3^7
   9          C51---FT232
  10          TX ---RX
  11          RX ---TX
  12          软件说明：
  13          该程序采用IIC对GY-39进行读取数据
  14          
  15          注：
  16                  IIC时钟频率需低于40Khz；
  17                  中断函数位于stc_it.c
  18          联系方式：
  19          http://shop62474960.taobao.com/?spm=a230r.7195193.1997079397.2.9qa3Ky&v=1
  20          */
  21          typedef struct
  22          {
  23              uint32_t P;
  24              uint16_t Temp;
  25              uint16_t Hum;
  26              uint16_t Alt;
  27          } bme;
  28          
  29          void delay(unsigned int x)
  30          {
  31   1              while(x--);
  32   1      }
  33          int main(void)
  34          {
  35   1      
  36   1              unsigned char  raw_data[13]={0};
  37   1              uint32_t Lux=0;
  38   1              uint16_t data_16[2]={0};
  39   1              bme Bme={0,0,0,0};
  40   1              Usart_Int(9600);
  41   1              SCL=1;
  42   1              SDA=1;
  43   1              while(1)
  44   1              {
  45   2              
  46   2                      if(Single_ReadI2C(0xb6,0x04,raw_data,10))//气压、温湿度、海拔
  47   2                      {
  48   3                              Bme.Temp=(raw_data[0]<<8)|raw_data[1];
  49   3                      data_16[0]=(((uint16_t)raw_data[2])<<8)|raw_data[3];
  50   3                              data_16[1]=(((uint16_t)raw_data[4])<<8)|raw_data[5];
  51   3                              Bme.P=(((uint32_t)data_16[0])<<16)|data_16[1];
  52   3                              Bme.Hum=(raw_data[6]<<8)|raw_data[7];
  53   3                              Bme.Alt=(raw_data[8]<<8)|raw_data[9];
  54   3                              send_3out(raw_data,10,0x45);
C51 COMPILER V8.02   MAIN                                                                  05/23/2016 09:37:25 PAGE 2   

  55   3                      }
  56   2              
  57   2                      if(Single_ReadI2C(0xb6,0x00,raw_data,4))   //光照
  58   2              {
  59   3                      data_16[0]=(((uint16_t)raw_data[0])<<8)|raw_data[1];
  60   3                              data_16[1]=(((uint16_t)raw_data[2])<<8)|raw_data[3];
  61   3                              Lux=(((uint32_t)data_16[0])<<16)|data_16[1];
  62   3                              send_3out(raw_data,3,0x15);
  63   3                      }
  64   2                       delay(5000);
  65   2              }
  66   1      }


MODULE INFORMATION:   STATIC OVERLAYABLE
   CODE SIZE        =    294    ----
   CONSTANT SIZE    =     27    ----
   XDATA SIZE       =   ----    ----
   PDATA SIZE       =   ----    ----
   DATA SIZE        =   ----      31
   IDATA SIZE       =   ----    ----
   BIT SIZE         =   ----    ----
END OF MODULE INFORMATION.


C51 COMPILATION COMPLETE.  0 WARNING(S),  0 ERROR(S)
